Copyright 1986-2018 Xilinx, Inc. All Rights Reserved.
-------------------------------------------------------------------------------------------
| Tool Version : Vivado v.2018.3 (lin64) Build 2405991 Thu Dec  6 23:36:41 MST 2018
| Date         : Tue Jul 18 11:37:06 2023
| Host         : hht-lab running 64-bit Ubuntu 18.04.4 LTS
| Command      : report_control_sets -verbose -file yolo_layer_top_control_sets_placed.rpt
| Design       : yolo_layer_top
| Device       : xc7vx690t
-------------------------------------------------------------------------------------------

Control Set Information

Table of Contents
-----------------
1. Summary
2. Histogram
3. Flip-Flop Distribution
4. Detailed Control Set Information

1. Summary
----------

+----------------------------------------------------------+-------+
|                          Status                          | Count |
+----------------------------------------------------------+-------+
| Number of unique control sets                            |   185 |
| Unused register locations in slices containing registers |   409 |
+----------------------------------------------------------+-------+


2. Histogram
------------

+--------+--------------+
| Fanout | Control Sets |
+--------+--------------+
|      4 |            1 |
|      5 |           29 |
|      8 |            1 |
|      9 |            2 |
|     12 |            2 |
|     15 |            1 |
|    16+ |          149 |
+--------+--------------+


3. Flip-Flop Distribution
-------------------------

+--------------+-----------------------+------------------------+-----------------+--------------+
| Clock Enable | Synchronous Set/Reset | Asynchronous Set/Reset | Total Registers | Total Slices |
+--------------+-----------------------+------------------------+-----------------+--------------+
| No           | No                    | No                     |            2133 |         1016 |
| No           | No                    | Yes                    |               0 |            0 |
| No           | Yes                   | No                     |            8604 |         2117 |
| Yes          | No                    | No                     |              73 |           30 |
| Yes          | No                    | Yes                    |               0 |            0 |
| Yes          | Yes                   | No                     |           10317 |         3254 |
+--------------+-----------------------+------------------------+-----------------+--------------+


4. Detailed Control Set Information
-----------------------------------

+----------------------------+-------------------------------------------------------------------------------------------------------------------+--------------------------------------------------------------------------------------------------+------------------+----------------+
|        Clock Signal        |                                                   Enable Signal                                                   |                                         Set/Reset Signal                                         | Slice Load Count | Bel Load Count |
+----------------------------+-------------------------------------------------------------------------------------------------------------------+--------------------------------------------------------------------------------------------------+------------------+----------------+
|  uut_clk_gen/inst/clk_out1 | uut_sys_rst/x32_r                                                                                                 | uut_postpro_FSM/rst_out_reg_rep_33                                                               |                1 |              4 |
|  uut_clk_gen/inst/clk_out1 | uut_position_resolution/uut_box3_ram/bbstub_m_axis_dout_tvalid_8                                                  | uut_position_resolution/uut_box3_ram/rst_out_reg_rep__0_8                                        |                4 |              5 |
|  uut_clk_gen/inst/clk_out1 | uut_position_resolution/uut_box2_ram/bbstub_m_axis_dout_tvalid_8                                                  | uut_position_resolution/uut_box2_ram/rst_out_reg_rep__0_8                                        |                3 |              5 |
|  uut_clk_gen/inst/clk_out1 | uut_position_resolution/uut_box2_ram/bbstub_m_axis_dout_tvalid_7                                                  | uut_position_resolution/uut_box2_ram/rst_out_reg_rep__0_7                                        |                3 |              5 |
|  uut_clk_gen/inst/clk_out1 | uut_position_resolution/uut_box2_ram/bbstub_m_axis_dout_tvalid_6                                                  | uut_position_resolution/uut_box2_ram/rst_out_reg_rep__0_6                                        |                3 |              5 |
|  uut_clk_gen/inst/clk_out1 | uut_position_resolution/uut_box2_ram/bbstub_m_axis_dout_tvalid_5                                                  | uut_position_resolution/uut_box2_ram/rst_out_reg_rep__0_5                                        |                3 |              5 |
|  uut_clk_gen/inst/clk_out1 | uut_position_resolution/uut_box2_ram/bbstub_m_axis_dout_tvalid_4                                                  | uut_position_resolution/uut_box2_ram/rst_out_reg_rep__0_4                                        |                3 |              5 |
|  uut_clk_gen/inst/clk_out1 | uut_position_resolution/uut_box2_ram/bbstub_m_axis_dout_tvalid_3                                                  | uut_position_resolution/uut_box2_ram/rst_out_reg_rep__0_3                                        |                2 |              5 |
|  uut_clk_gen/inst/clk_out1 | uut_position_resolution/uut_box2_ram/bbstub_m_axis_dout_tvalid_2                                                  | uut_position_resolution/uut_box2_ram/rst_out_reg_rep__0_2                                        |                2 |              5 |
|  uut_clk_gen/inst/clk_out1 | uut_position_resolution/uut_box2_ram/bbstub_m_axis_dout_tvalid_1                                                  | uut_position_resolution/uut_box2_ram/rst_out_reg_rep__0_1                                        |                3 |              5 |
|  uut_clk_gen/inst/clk_out1 | uut_position_resolution/uut_box2_ram/bbstub_m_axis_dout_tvalid_0                                                  | uut_position_resolution/uut_box2_ram/rst_out_reg_rep__0_0                                        |                2 |              5 |
|  uut_clk_gen/inst/clk_out1 | uut_position_resolution/uut_box2_ram/bbstub_m_axis_dout_tvalid                                                    | uut_position_resolution/uut_box2_ram/rst_out_reg_rep__0                                          |                2 |              5 |
|  uut_clk_gen/inst/clk_out1 | uut_position_resolution/uut_box3_ram/bbstub_m_axis_dout_tvalid_9                                                  | uut_position_resolution/uut_box3_ram/rst_out_reg_rep__0_9                                        |                2 |              5 |
|  uut_clk_gen/inst/clk_out1 | uut_position_resolution/uut_box2_ram/bbstub_m_axis_dout_tvalid_9                                                  | uut_position_resolution/uut_box2_ram/rst_out_reg_rep__0_9                                        |                2 |              5 |
|  uut_clk_gen/inst/clk_out1 | uut_position_resolution/uut_box3_ram/bbstub_m_axis_dout_tvalid_7                                                  | uut_position_resolution/uut_box3_ram/rst_out_reg_rep__0_7                                        |                2 |              5 |
|  uut_clk_gen/inst/clk_out1 | uut_position_resolution/uut_box3_ram/bbstub_m_axis_dout_tvalid_6                                                  | uut_position_resolution/uut_box3_ram/rst_out_reg_rep__0_6                                        |                2 |              5 |
|  uut_clk_gen/inst/clk_out1 | uut_position_resolution/uut_box3_ram/bbstub_m_axis_dout_tvalid_5                                                  | uut_position_resolution/uut_box3_ram/rst_out_reg_rep__0_5                                        |                3 |              5 |
|  uut_clk_gen/inst/clk_out1 | uut_position_resolution/uut_box3_ram/bbstub_m_axis_dout_tvalid_4                                                  | uut_position_resolution/uut_box3_ram/rst_out_reg_rep__0_4                                        |                3 |              5 |
|  uut_clk_gen/inst/clk_out1 | uut_position_resolution/uut_box3_ram/bbstub_m_axis_dout_tvalid_3                                                  | uut_position_resolution/uut_box3_ram/rst_out_reg_rep__0_3                                        |                2 |              5 |
|  uut_clk_gen/inst/clk_out1 | uut_position_resolution/uut_box3_ram/bbstub_m_axis_dout_tvalid_2                                                  | uut_position_resolution/uut_box3_ram/rst_out_reg_rep__0_2                                        |                4 |              5 |
|  uut_clk_gen/inst/clk_out1 | uut_position_resolution/uut_box3_ram/bbstub_m_axis_dout_tvalid_1                                                  | uut_position_resolution/uut_box3_ram/rst_out_reg_rep__0_1                                        |                2 |              5 |
|  uut_clk_gen/inst/clk_out1 | uut_position_resolution/uut_box3_ram/bbstub_m_axis_dout_tvalid_0                                                  | uut_position_resolution/uut_box3_ram/rst_out_reg_rep__0_0                                        |                3 |              5 |
|  uut_clk_gen/inst/clk_out1 | uut_position_resolution/uut_box3_ram/bbstub_m_axis_dout_tvalid                                                    | uut_position_resolution/uut_box3_ram/rst_out_reg_rep__0                                          |                2 |              5 |
|  uut_clk_gen/inst/clk_out1 |                                                                                                                   | uut_requant/odata_vaild_r_reg_1[0]                                                               |                4 |              5 |
|  uut_clk_gen/inst/clk_out1 | uut_position_resolution/uut_write_cache_pool/wea_3_r_reg[2]_4                                                     | uut_position_resolution/uut_write_cache_pool/rst_out_reg_rep                                     |                4 |              5 |
|  uut_clk_gen/inst/clk_out1 | uut_position_resolution/uut_rc_decode_pos/uut_decode_unit2/uut_exponent_h/int_exp0_in[11]                         | uut_position_resolution/uut_rc_decode_pos/uut_decode_unit2/uut_exponent_h/int_exp[11]_i_1__1_n_0 |                1 |              5 |
|  uut_clk_gen/inst/clk_out1 | uut_position_resolution/uut_rc_decode_pos/uut_decode_unit2/uut_exponent_w/int_exp0_in[11]                         | uut_position_resolution/uut_rc_decode_pos/uut_decode_unit2/uut_exponent_w/int_exp[11]_i_1__2_n_0 |                2 |              5 |
|  uut_clk_gen/inst/clk_out1 | uut_position_resolution/uut_rc_decode_pos/uut_decode_unit1/uut_exponent_w/int_exp0_in[11]                         | uut_position_resolution/uut_rc_decode_pos/uut_decode_unit1/uut_exponent_w/int_exp[11]_i_1__0_n_0 |                1 |              5 |
|  uut_clk_gen/inst/clk_out1 | uut_position_resolution/uut_rc_decode_pos/uut_decode_unit1/uut_exponent_h/int_exp0_in[11]                         | uut_position_resolution/uut_rc_decode_pos/uut_decode_unit1/uut_exponent_h/int_exp[11]_i_1_n_0    |                2 |              5 |
|  uut_clk_gen/inst/clk_out1 | uut_position_resolution/uut_write_cache_pool/wea_2_r_reg[0]_7                                                     | uut_position_resolution/uut_write_cache_pool/wea_2_r_reg[0]_6                                    |                2 |              5 |
|  uut_clk_gen/inst/clk_out1 | uut_NMS/gen_pe_unit_LOOP[0].uut_pe_unit/FSM_onehot_current_state_reg[7]_2[0]                                      | uut_sys_rst/rst                                                                                  |                5 |              8 |
|  uut_clk_gen/inst/clk_out1 |                                                                                                                   | uut_requant/SR[0]                                                                                |                3 |              9 |
|  uut_clk_gen/inst/clk_out1 | uut_position_resolution/uut_write_cache_pool/addr_r_tile2[8]_i_2_n_0                                              | uut_position_resolution/uut_write_cache_pool/addr_r_tile2[8]_i_1_n_0                             |                3 |              9 |
|  uut_clk_gen/inst/clk_out1 |                                                                                                                   | uut_sys_rst/rst_out_reg_rep_45                                                                   |                3 |             12 |
|  uut_clk_gen/inst/clk_out1 |                                                                                                                   | uut_sys_rst/clear                                                                                |                3 |             12 |
|  uut_clk_gen/inst/clk_out1 | uut_sys_rst/x32_r                                                                                                 | uut_postpro_FSM/rst_out_reg_rep_32                                                               |                5 |             15 |
|  uut_clk_gen/inst/clk_out1 | uut_position_resolution/uut_confidence_screen2/uut_c_sigmoid/E[0]                                                 | uut_sys_rst/rst                                                                                  |                5 |             16 |
|  uut_clk_gen/inst/clk_out1 | uut_postpro_FSM/cnt1[15]_i_1_n_0                                                                                  | uut_sys_rst/rst                                                                                  |                6 |             16 |
|  uut_clk_gen/inst/clk_out1 |                                                                                                                   | uut_sys_rst/rst_out__14                                                                          |                7 |             16 |
|  uut_clk_gen/inst/clk_out1 | uut_position_resolution/uut_confidence_screen1/uut_c_sigmoid/E[0]                                                 | uut_sys_rst/rst                                                                                  |                5 |             16 |
|  uut_clk_gen/inst/clk_out1 | uut_NMS/uut_output_buffer/uut_fifo_2/U0/inst_fifo_gen/gconvfifo.rf/grf.rf/gntv_or_sync_fifo.gl0.rd/grss.rsts/E[0] | uut_sys_rst/rst                                                                                  |                5 |             18 |
|  uut_clk_gen/inst/clk_out1 | uut_NMS/uut_output_buffer/uut_fifo_2/U0/inst_fifo_gen/gconvfifo.rf/grf.rf/gntv_or_sync_fifo.gl0.wr/gwss.wsts/E[0] | uut_sys_rst/rst                                                                                  |                5 |             18 |
|  uut_clk_gen/inst/clk_out1 | uut_NMS/uut_output_buffer/uut_fifo_1/U0/inst_fifo_gen/gconvfifo.rf/grf.rf/gntv_or_sync_fifo.gl0.wr/gwss.wsts/E[0] | uut_sys_rst/rst                                                                                  |                5 |             18 |
|  uut_clk_gen/inst/clk_out1 | uut_NMS/uut_output_buffer/uut_fifo_1/U0/inst_fifo_gen/gconvfifo.rf/grf.rf/gntv_or_sync_fifo.gl0.rd/grss.rsts/E[0] | uut_sys_rst/rst                                                                                  |                4 |             18 |
|  uut_clk_gen/inst/clk_out1 | uut_NMS/uut_output_buffer/uut_comp_tree1/idata_vaild_d3                                                           | uut_sys_rst/rst                                                                                  |                7 |             20 |
|  uut_clk_gen/inst/clk_out1 | uut_NMS/uut_output_buffer/uut_comp_tree2/idata_vaild_d3_reg_n_0                                                   | uut_sys_rst/rst                                                                                  |                8 |             20 |
|  uut_clk_gen/inst/clk_out1 | uut_position_resolution/uut_rc_decode_pos/uut_decode_unit2/uut_sigmoid_x/E[0]                                     | uut_sys_rst/rst                                                                                  |               12 |             26 |
|  uut_clk_gen/inst/clk_out1 | uut_position_resolution/uut_rc_decode_pos/uut_decode_unit1/uut_sigmoid_x/E[0]                                     | uut_sys_rst/rst                                                                                  |               14 |             26 |
|  uut_clk_gen/inst/clk_out1 | uut_position_resolution/uut_box3_ram/b[5]_i_5__4_0                                                                | uut_position_resolution/uut_rc_decode_pos/uut_decode_unit1/uut_sigmoid_cls8/b[5]_i_1__4_n_0      |               15 |             27 |
|  uut_clk_gen/inst/clk_out1 | uut_position_resolution/uut_write_cache_pool/wea_2_r_reg[0]_5                                                     | uut_position_resolution/uut_write_cache_pool/wea_2_r_reg[0]_3                                    |               13 |             27 |
|  uut_clk_gen/inst/clk_out1 | uut_position_resolution/uut_box2_ram/b[5]_i_5__18_0                                                               | uut_position_resolution/uut_rc_decode_pos/uut_decode_unit2/uut_sigmoid_cls1/b[5]_i_1__18_n_0     |               17 |             27 |
|  uut_clk_gen/inst/clk_out1 | uut_position_resolution/uut_box3_ram/b[5]_i_5__9_0                                                                | uut_position_resolution/uut_rc_decode_pos/uut_decode_unit1/uut_sigmoid_x/b[5]_i_1__9_n_0         |               18 |             27 |
|  uut_clk_gen/inst/clk_out1 | uut_position_resolution/uut_box3_ram/b[5]_i_5__8_0                                                                | uut_position_resolution/uut_rc_decode_pos/uut_decode_unit1/uut_sigmoid_y/b[5]_i_1__8_n_0         |               12 |             27 |
|  uut_clk_gen/inst/clk_out1 | uut_position_resolution/uut_box3_ram/b[5]_i_5__7_0                                                                | uut_position_resolution/uut_rc_decode_pos/uut_decode_unit1/uut_sigmoid_cls1/b[5]_i_1__7_n_0      |               16 |             27 |
|  uut_clk_gen/inst/clk_out1 | uut_position_resolution/uut_box3_ram/b[5]_i_5__6_0                                                                | uut_position_resolution/uut_rc_decode_pos/uut_decode_unit1/uut_sigmoid_cls2/b[5]_i_1__6_n_0      |               13 |             27 |
|  uut_clk_gen/inst/clk_out1 | uut_position_resolution/uut_box3_ram/b[5]_i_5__5_0                                                                | uut_position_resolution/uut_rc_decode_pos/uut_decode_unit1/uut_sigmoid_cls9/b[5]_i_1__5_n_0      |               12 |             27 |
|  uut_clk_gen/inst/clk_out1 | uut_position_resolution/uut_box2_ram/b[5]_i_5__12_0                                                               | uut_position_resolution/uut_rc_decode_pos/uut_decode_unit2/uut_sigmoid_cls5/b[5]_i_1__12_n_0     |               15 |             27 |
|  uut_clk_gen/inst/clk_out1 | uut_position_resolution/uut_box3_ram/b[5]_i_5__3_0                                                                | uut_position_resolution/uut_rc_decode_pos/uut_decode_unit1/uut_sigmoid_cls7/b[5]_i_1__3_n_0      |               16 |             27 |
|  uut_clk_gen/inst/clk_out1 | uut_position_resolution/uut_box3_ram/b[5]_i_5__2_0                                                                | uut_position_resolution/uut_rc_decode_pos/uut_decode_unit1/uut_sigmoid_cls6/b[5]_i_1__2_n_0      |               14 |             27 |
|  uut_clk_gen/inst/clk_out1 | uut_position_resolution/uut_box3_ram/b[5]_i_5__1_0                                                                | uut_position_resolution/uut_rc_decode_pos/uut_decode_unit1/uut_sigmoid_cls5/b[5]_i_1__1_n_0      |               17 |             27 |
|  uut_clk_gen/inst/clk_out1 | uut_position_resolution/uut_box3_ram/b[5]_i_5__0_0                                                                | uut_position_resolution/uut_rc_decode_pos/uut_decode_unit1/uut_sigmoid_cls4/b[5]_i_1__0_n_0      |               15 |             27 |
|  uut_clk_gen/inst/clk_out1 | uut_position_resolution/uut_box3_ram/b[5]_i_5_0                                                                   | uut_position_resolution/uut_rc_decode_pos/uut_decode_unit1/uut_sigmoid_cls3/b[5]_i_1_n_0         |               14 |             27 |
|  uut_clk_gen/inst/clk_out1 | uut_position_resolution/uut_box2_ram/b[5]_i_5__19_0                                                               | uut_position_resolution/uut_rc_decode_pos/uut_decode_unit2/uut_sigmoid_y/b[5]_i_1__19_n_0        |               16 |             27 |
|  uut_clk_gen/inst/clk_out1 | uut_position_resolution/uut_box2_ram/b[5]_i_5__20_0                                                               | uut_position_resolution/uut_rc_decode_pos/uut_decode_unit2/uut_sigmoid_x/b[5]_i_1__20_n_0        |               17 |             27 |
|  uut_clk_gen/inst/clk_out1 | uut_position_resolution/uut_box2_ram/b[5]_i_5__17_0                                                               | uut_position_resolution/uut_rc_decode_pos/uut_decode_unit2/uut_sigmoid_cls2/b[5]_i_1__17_n_0     |               16 |             27 |
|  uut_clk_gen/inst/clk_out1 | uut_position_resolution/uut_box2_ram/b[5]_i_5__11_0                                                               | uut_position_resolution/uut_rc_decode_pos/uut_decode_unit2/uut_sigmoid_cls4/b[5]_i_1__11_n_0     |               13 |             27 |
|  uut_clk_gen/inst/clk_out1 | uut_position_resolution/uut_write_cache_pool/wea_3_r_reg[2]_3                                                     | uut_position_resolution/uut_write_cache_pool/wea_3_r_reg[2]_1                                    |               14 |             27 |
|  uut_clk_gen/inst/clk_out1 | uut_position_resolution/uut_box2_ram/b[5]_i_5__16_0                                                               | uut_position_resolution/uut_rc_decode_pos/uut_decode_unit2/uut_sigmoid_cls9/b[5]_i_1__16_n_0     |               14 |             27 |
|  uut_clk_gen/inst/clk_out1 | uut_position_resolution/uut_box2_ram/b[5]_i_5__15_0                                                               | uut_position_resolution/uut_rc_decode_pos/uut_decode_unit2/uut_sigmoid_cls8/b[5]_i_1__15_n_0     |               16 |             27 |
|  uut_clk_gen/inst/clk_out1 | uut_position_resolution/uut_box2_ram/b[5]_i_5__10_0                                                               | uut_position_resolution/uut_rc_decode_pos/uut_decode_unit2/uut_sigmoid_cls3/b[5]_i_1__10_n_0     |               11 |             27 |
|  uut_clk_gen/inst/clk_out1 | uut_position_resolution/uut_box2_ram/b[5]_i_5__14_0                                                               | uut_position_resolution/uut_rc_decode_pos/uut_decode_unit2/uut_sigmoid_cls7/b[5]_i_1__14_n_0     |               17 |             27 |
|  uut_clk_gen/inst/clk_out1 | uut_position_resolution/uut_box2_ram/b[5]_i_5__13_0                                                               | uut_position_resolution/uut_rc_decode_pos/uut_decode_unit2/uut_sigmoid_cls6/b[5]_i_1__13_n_0     |               13 |             27 |
|  uut_clk_gen/inst/clk_out1 | uut_postpro_FSM/mask_r_i_1_n_0                                                                                    | uut_sys_rst/rst                                                                                  |               11 |             29 |
|  uut_clk_gen/inst/clk_out1 |                                                                                                                   | uut_sys_rst/rst_out_reg_rep_75                                                                   |                8 |             32 |
|  uut_clk_gen/inst/clk_out1 | uut_NMS/uut_output_buffer/uut_comp_tree1/idata_vaild_d2                                                           | uut_sys_rst/rst                                                                                  |               17 |             37 |
|  uut_clk_gen/inst/clk_out1 | uut_NMS/uut_output_buffer/uut_comp_tree2/idata_vaild_d2_reg_n_0                                                   | uut_sys_rst/rst                                                                                  |               12 |             37 |
|  uut_clk_gen/inst/clk_out1 | uut_NMS/gen_pe_unit_LOOP[0].uut_pe_unit/E[0]                                                                      | uut_sys_rst/rst                                                                                  |               27 |             48 |
|  uut_clk_gen/inst/clk_out1 | uut_NMS/uut_output_buffer/E[0]                                                                                    | uut_sys_rst/rst                                                                                  |               29 |             48 |
|  uut_clk_gen/inst/clk_out1 | uut_NMS/uut_output_buffer/uut_comp_tree1/idata_vaild_d1                                                           | uut_sys_rst/rst                                                                                  |               21 |             55 |
|  uut_clk_gen/inst/clk_out1 | uut_NMS/uut_output_buffer/uut_comp_tree2/idata_vaild_d1_reg_n_0                                                   | uut_sys_rst/rst                                                                                  |               18 |             55 |
|  uut_clk_gen/inst/clk_out1 | uut_NMS/gen_pe_unit_LOOP[16].uut_pe_unit/uut_box_iou/iou_idata_vaild                                              | uut_sys_rst/rst                                                                                  |               20 |             64 |
|  uut_clk_gen/inst/clk_out1 | uut_NMS/gen_pe_unit_LOOP[46].uut_pe_unit/uut_box_iou/iou_idata_vaild                                              | uut_sys_rst/rst                                                                                  |               20 |             64 |
|  uut_clk_gen/inst/clk_out1 | uut_NMS/gen_pe_unit_LOOP[47].uut_pe_unit/uut_box_iou/iou_idata_vaild                                              | uut_sys_rst/rst                                                                                  |               21 |             64 |
|  uut_clk_gen/inst/clk_out1 | uut_NMS/gen_pe_unit_LOOP[14].uut_pe_unit/uut_box_iou/iou_idata_vaild                                              | uut_sys_rst/rst                                                                                  |               20 |             64 |
|  uut_clk_gen/inst/clk_out1 | uut_NMS/gen_pe_unit_LOOP[4].uut_pe_unit/uut_box_iou/iou_idata_vaild                                               | uut_sys_rst/rst                                                                                  |               20 |             64 |
|  uut_clk_gen/inst/clk_out1 | uut_NMS/gen_pe_unit_LOOP[5].uut_pe_unit/uut_box_iou/iou_idata_vaild                                               | uut_sys_rst/rst                                                                                  |               19 |             64 |
|  uut_clk_gen/inst/clk_out1 | uut_NMS/gen_pe_unit_LOOP[15].uut_pe_unit/uut_box_iou/iou_idata_vaild                                              | uut_sys_rst/rst                                                                                  |               19 |             64 |
|  uut_clk_gen/inst/clk_out1 | uut_NMS/gen_pe_unit_LOOP[6].uut_pe_unit/uut_box_iou/iou_idata_vaild                                               | uut_sys_rst/rst                                                                                  |               19 |             64 |
|  uut_clk_gen/inst/clk_out1 | uut_NMS/gen_pe_unit_LOOP[7].uut_pe_unit/uut_box_iou/iou_idata_vaild                                               | uut_sys_rst/rst                                                                                  |               22 |             64 |
|  uut_clk_gen/inst/clk_out1 | uut_NMS/gen_pe_unit_LOOP[8].uut_pe_unit/uut_box_iou/iou_idata_vaild                                               | uut_sys_rst/rst                                                                                  |               20 |             64 |
|  uut_clk_gen/inst/clk_out1 | uut_NMS/gen_pe_unit_LOOP[21].uut_pe_unit/uut_box_iou/iou_idata_vaild                                              | uut_sys_rst/rst                                                                                  |               19 |             64 |
|  uut_clk_gen/inst/clk_out1 | uut_NMS/gen_pe_unit_LOOP[9].uut_pe_unit/uut_box_iou/iou_idata_vaild                                               | uut_sys_rst/rst                                                                                  |               19 |             64 |
|  uut_clk_gen/inst/clk_out1 | uut_NMS/gen_pe_unit_LOOP[20].uut_pe_unit/uut_box_iou/iou_idata_vaild                                              | uut_sys_rst/rst                                                                                  |               21 |             64 |
|  uut_clk_gen/inst/clk_out1 | uut_NMS/gen_pe_unit_LOOP[1].uut_pe_unit/uut_box_iou/iou_idata_vaild                                               | uut_sys_rst/rst                                                                                  |               18 |             64 |
|  uut_clk_gen/inst/clk_out1 | uut_NMS/gen_pe_unit_LOOP[19].uut_pe_unit/uut_box_iou/iou_idata_vaild                                              | uut_sys_rst/rst                                                                                  |               20 |             64 |
|  uut_clk_gen/inst/clk_out1 | uut_NMS/gen_pe_unit_LOOP[18].uut_pe_unit/uut_box_iou/iou_idata_vaild                                              | uut_sys_rst/rst                                                                                  |               18 |             64 |
|  uut_clk_gen/inst/clk_out1 | uut_NMS/gen_pe_unit_LOOP[17].uut_pe_unit/uut_box_iou/iou_idata_vaild                                              | uut_sys_rst/rst                                                                                  |               18 |             64 |
|  uut_clk_gen/inst/clk_out1 | uut_NMS/gen_pe_unit_LOOP[34].uut_pe_unit/uut_box_iou/iou_idata_vaild                                              | uut_sys_rst/rst                                                                                  |               18 |             64 |
|  uut_clk_gen/inst/clk_out1 | uut_NMS/gen_pe_unit_LOOP[39].uut_pe_unit/uut_box_iou/iou_idata_vaild                                              | uut_sys_rst/rst                                                                                  |               20 |             64 |
|  uut_clk_gen/inst/clk_out1 | uut_NMS/gen_pe_unit_LOOP[27].uut_pe_unit/uut_box_iou/iou_idata_vaild                                              | uut_sys_rst/rst                                                                                  |               19 |             64 |
|  uut_clk_gen/inst/clk_out1 | uut_NMS/gen_pe_unit_LOOP[38].uut_pe_unit/uut_box_iou/iou_idata_vaild                                              | uut_sys_rst/rst                                                                                  |               19 |             64 |
|  uut_clk_gen/inst/clk_out1 | uut_NMS/gen_pe_unit_LOOP[37].uut_pe_unit/uut_box_iou/iou_idata_vaild                                              | uut_sys_rst/rst                                                                                  |               19 |             64 |
|  uut_clk_gen/inst/clk_out1 | uut_NMS/gen_pe_unit_LOOP[13].uut_pe_unit/uut_box_iou/iou_idata_vaild                                              | uut_sys_rst/rst                                                                                  |               18 |             64 |
|  uut_clk_gen/inst/clk_out1 | uut_NMS/gen_pe_unit_LOOP[36].uut_pe_unit/uut_box_iou/iou_idata_vaild                                              | uut_sys_rst/rst                                                                                  |               19 |             64 |
|  uut_clk_gen/inst/clk_out1 | uut_NMS/gen_pe_unit_LOOP[0].uut_pe_unit/uut_box_iou/iou_idata_vaild                                               | uut_sys_rst/rst                                                                                  |               20 |             64 |
|  uut_clk_gen/inst/clk_out1 | uut_NMS/gen_pe_unit_LOOP[35].uut_pe_unit/uut_box_iou/iou_idata_vaild                                              | uut_sys_rst/rst                                                                                  |               19 |             64 |
|  uut_clk_gen/inst/clk_out1 | uut_NMS/gen_pe_unit_LOOP[3].uut_pe_unit/uut_box_iou/iou_idata_vaild                                               | uut_sys_rst/rst                                                                                  |               22 |             64 |
|  uut_clk_gen/inst/clk_out1 | uut_NMS/gen_pe_unit_LOOP[28].uut_pe_unit/uut_box_iou/iou_idata_vaild                                              | uut_sys_rst/rst                                                                                  |               21 |             64 |
|  uut_clk_gen/inst/clk_out1 | uut_NMS/gen_pe_unit_LOOP[33].uut_pe_unit/uut_box_iou/iou_idata_vaild                                              | uut_sys_rst/rst                                                                                  |               22 |             64 |
|  uut_clk_gen/inst/clk_out1 | uut_NMS/gen_pe_unit_LOOP[32].uut_pe_unit/uut_box_iou/iou_idata_vaild                                              | uut_sys_rst/rst                                                                                  |               20 |             64 |
|  uut_clk_gen/inst/clk_out1 | uut_NMS/gen_pe_unit_LOOP[31].uut_pe_unit/uut_box_iou/iou_idata_vaild                                              | uut_sys_rst/rst                                                                                  |               20 |             64 |
|  uut_clk_gen/inst/clk_out1 | uut_NMS/gen_pe_unit_LOOP[30].uut_pe_unit/uut_box_iou/iou_idata_vaild                                              | uut_sys_rst/rst                                                                                  |               18 |             64 |
|  uut_clk_gen/inst/clk_out1 | uut_NMS/gen_pe_unit_LOOP[2].uut_pe_unit/uut_box_iou/iou_idata_vaild                                               | uut_sys_rst/rst                                                                                  |               21 |             64 |
|  uut_clk_gen/inst/clk_out1 | uut_NMS/gen_pe_unit_LOOP[29].uut_pe_unit/uut_box_iou/iou_idata_vaild                                              | uut_sys_rst/rst                                                                                  |               20 |             64 |
|  uut_clk_gen/inst/clk_out1 | uut_NMS/gen_pe_unit_LOOP[10].uut_pe_unit/uut_box_iou/iou_idata_vaild                                              | uut_sys_rst/rst                                                                                  |               20 |             64 |
|  uut_clk_gen/inst/clk_out1 | uut_NMS/gen_pe_unit_LOOP[40].uut_pe_unit/uut_box_iou/iou_idata_vaild                                              | uut_sys_rst/rst                                                                                  |               20 |             64 |
|  uut_clk_gen/inst/clk_out1 | uut_NMS/gen_pe_unit_LOOP[41].uut_pe_unit/uut_box_iou/iou_idata_vaild                                              | uut_sys_rst/rst                                                                                  |               20 |             64 |
|  uut_clk_gen/inst/clk_out1 | uut_NMS/gen_pe_unit_LOOP[11].uut_pe_unit/uut_box_iou/iou_idata_vaild                                              | uut_sys_rst/rst                                                                                  |               21 |             64 |
|  uut_clk_gen/inst/clk_out1 | uut_NMS/gen_pe_unit_LOOP[26].uut_pe_unit/uut_box_iou/iou_idata_vaild                                              | uut_sys_rst/rst                                                                                  |               21 |             64 |
|  uut_clk_gen/inst/clk_out1 | uut_NMS/gen_pe_unit_LOOP[42].uut_pe_unit/uut_box_iou/iou_idata_vaild                                              | uut_sys_rst/rst                                                                                  |               20 |             64 |
|  uut_clk_gen/inst/clk_out1 | uut_NMS/gen_pe_unit_LOOP[25].uut_pe_unit/uut_box_iou/iou_idata_vaild                                              | uut_sys_rst/rst                                                                                  |               22 |             64 |
|  uut_clk_gen/inst/clk_out1 | uut_NMS/gen_pe_unit_LOOP[43].uut_pe_unit/uut_box_iou/iou_idata_vaild                                              | uut_sys_rst/rst                                                                                  |               18 |             64 |
|  uut_clk_gen/inst/clk_out1 | uut_NMS/gen_pe_unit_LOOP[24].uut_pe_unit/uut_box_iou/iou_idata_vaild                                              | uut_sys_rst/rst                                                                                  |               22 |             64 |
|  uut_clk_gen/inst/clk_out1 | uut_NMS/gen_pe_unit_LOOP[12].uut_pe_unit/uut_box_iou/iou_idata_vaild                                              | uut_sys_rst/rst                                                                                  |               19 |             64 |
|  uut_clk_gen/inst/clk_out1 | uut_NMS/gen_pe_unit_LOOP[44].uut_pe_unit/uut_box_iou/iou_idata_vaild                                              | uut_sys_rst/rst                                                                                  |               19 |             64 |
|  uut_clk_gen/inst/clk_out1 | uut_NMS/gen_pe_unit_LOOP[23].uut_pe_unit/uut_box_iou/iou_idata_vaild                                              | uut_sys_rst/rst                                                                                  |               17 |             64 |
|  uut_clk_gen/inst/clk_out1 | uut_NMS/gen_pe_unit_LOOP[22].uut_pe_unit/uut_box_iou/iou_idata_vaild                                              | uut_sys_rst/rst                                                                                  |               20 |             64 |
|  uut_clk_gen/inst/clk_out1 | uut_NMS/gen_pe_unit_LOOP[45].uut_pe_unit/uut_box_iou/iou_idata_vaild                                              | uut_sys_rst/rst                                                                                  |               22 |             64 |
|  uut_clk_gen/inst/clk_out1 | uut_sys_rst/x32_r                                                                                                 |                                                                                                  |               30 |             73 |
|  uut_clk_gen/inst/clk_out1 | uut_position_resolution/uut_rc_decode_pos/uut_decode_unit2/odata_vaild_r_reg_0                                    | uut_sys_rst/rst                                                                                  |               31 |             85 |
|  uut_clk_gen/inst/clk_out1 | uut_position_resolution/uut_rc_decode_pos/uut_decode_unit1/odata_vaild_r_reg_0                                    | uut_sys_rst/rst                                                                                  |               28 |             85 |
|  uut_clk_gen/inst/clk_out1 | uut_NMS/gen_pe_unit_LOOP[0].uut_pe_unit/uut_box_iou/E[0]                                                          | uut_sys_rst/rst                                                                                  |               25 |             94 |
|  uut_clk_gen/inst/clk_out1 | uut_NMS/gen_pe_unit_LOOP[10].uut_pe_unit/uut_box_iou/E[0]                                                         | uut_sys_rst/rst                                                                                  |               25 |             94 |
|  uut_clk_gen/inst/clk_out1 | uut_NMS/gen_pe_unit_LOOP[15].uut_pe_unit/uut_box_iou/E[0]                                                         | uut_sys_rst/rst                                                                                  |               25 |             94 |
|  uut_clk_gen/inst/clk_out1 | uut_NMS/gen_pe_unit_LOOP[11].uut_pe_unit/uut_box_iou/E[0]                                                         | uut_sys_rst/rst                                                                                  |               24 |             94 |
|  uut_clk_gen/inst/clk_out1 | uut_NMS/gen_pe_unit_LOOP[14].uut_pe_unit/uut_box_iou/E[0]                                                         | uut_sys_rst/rst                                                                                  |               26 |             94 |
|  uut_clk_gen/inst/clk_out1 | uut_NMS/gen_pe_unit_LOOP[12].uut_pe_unit/uut_box_iou/E[0]                                                         | uut_sys_rst/rst                                                                                  |               23 |             94 |
|  uut_clk_gen/inst/clk_out1 | uut_NMS/gen_pe_unit_LOOP[13].uut_pe_unit/uut_box_iou/E[0]                                                         | uut_sys_rst/rst                                                                                  |               27 |             94 |
|  uut_clk_gen/inst/clk_out1 | uut_NMS/gen_pe_unit_LOOP[21].uut_pe_unit/uut_box_iou/E[0]                                                         | uut_sys_rst/rst                                                                                  |               25 |             94 |
|  uut_clk_gen/inst/clk_out1 | uut_NMS/gen_pe_unit_LOOP[30].uut_pe_unit/uut_box_iou/E[0]                                                         | uut_sys_rst/rst                                                                                  |               24 |             94 |
|  uut_clk_gen/inst/clk_out1 | uut_NMS/gen_pe_unit_LOOP[39].uut_pe_unit/uut_box_iou/E[0]                                                         | uut_sys_rst/rst                                                                                  |               22 |             94 |
|  uut_clk_gen/inst/clk_out1 | uut_NMS/gen_pe_unit_LOOP[38].uut_pe_unit/uut_box_iou/E[0]                                                         | uut_sys_rst/rst                                                                                  |               27 |             94 |
|  uut_clk_gen/inst/clk_out1 | uut_NMS/gen_pe_unit_LOOP[37].uut_pe_unit/uut_box_iou/E[0]                                                         | uut_sys_rst/rst                                                                                  |               24 |             94 |
|  uut_clk_gen/inst/clk_out1 | uut_NMS/gen_pe_unit_LOOP[36].uut_pe_unit/uut_box_iou/E[0]                                                         | uut_sys_rst/rst                                                                                  |               24 |             94 |
|  uut_clk_gen/inst/clk_out1 | uut_NMS/gen_pe_unit_LOOP[35].uut_pe_unit/uut_box_iou/E[0]                                                         | uut_sys_rst/rst                                                                                  |               25 |             94 |
|  uut_clk_gen/inst/clk_out1 | uut_NMS/gen_pe_unit_LOOP[34].uut_pe_unit/uut_box_iou/E[0]                                                         | uut_sys_rst/rst                                                                                  |               25 |             94 |
|  uut_clk_gen/inst/clk_out1 | uut_NMS/gen_pe_unit_LOOP[33].uut_pe_unit/uut_box_iou/E[0]                                                         | uut_sys_rst/rst                                                                                  |               23 |             94 |
|  uut_clk_gen/inst/clk_out1 | uut_NMS/gen_pe_unit_LOOP[32].uut_pe_unit/uut_box_iou/E[0]                                                         | uut_sys_rst/rst                                                                                  |               21 |             94 |
|  uut_clk_gen/inst/clk_out1 | uut_NMS/gen_pe_unit_LOOP[31].uut_pe_unit/uut_box_iou/E[0]                                                         | uut_sys_rst/rst                                                                                  |               24 |             94 |
|  uut_clk_gen/inst/clk_out1 | uut_NMS/gen_pe_unit_LOOP[17].uut_pe_unit/uut_box_iou/E[0]                                                         | uut_sys_rst/rst                                                                                  |               23 |             94 |
|  uut_clk_gen/inst/clk_out1 | uut_NMS/gen_pe_unit_LOOP[2].uut_pe_unit/uut_box_iou/E[0]                                                          | uut_sys_rst/rst                                                                                  |               23 |             94 |
|  uut_clk_gen/inst/clk_out1 | uut_NMS/gen_pe_unit_LOOP[29].uut_pe_unit/uut_box_iou/E[0]                                                         | uut_sys_rst/rst                                                                                  |               24 |             94 |
|  uut_clk_gen/inst/clk_out1 | uut_NMS/gen_pe_unit_LOOP[28].uut_pe_unit/uut_box_iou/E[0]                                                         | uut_sys_rst/rst                                                                                  |               26 |             94 |
|  uut_clk_gen/inst/clk_out1 | uut_NMS/gen_pe_unit_LOOP[27].uut_pe_unit/uut_box_iou/E[0]                                                         | uut_sys_rst/rst                                                                                  |               25 |             94 |
|  uut_clk_gen/inst/clk_out1 | uut_NMS/gen_pe_unit_LOOP[26].uut_pe_unit/uut_box_iou/E[0]                                                         | uut_sys_rst/rst                                                                                  |               26 |             94 |
|  uut_clk_gen/inst/clk_out1 | uut_NMS/gen_pe_unit_LOOP[25].uut_pe_unit/uut_box_iou/E[0]                                                         | uut_sys_rst/rst                                                                                  |               26 |             94 |
|  uut_clk_gen/inst/clk_out1 | uut_NMS/gen_pe_unit_LOOP[24].uut_pe_unit/uut_box_iou/E[0]                                                         | uut_sys_rst/rst                                                                                  |               24 |             94 |
|  uut_clk_gen/inst/clk_out1 | uut_NMS/gen_pe_unit_LOOP[23].uut_pe_unit/uut_box_iou/E[0]                                                         | uut_sys_rst/rst                                                                                  |               19 |             94 |
|  uut_clk_gen/inst/clk_out1 | uut_NMS/gen_pe_unit_LOOP[22].uut_pe_unit/uut_box_iou/E[0]                                                         | uut_sys_rst/rst                                                                                  |               24 |             94 |
|  uut_clk_gen/inst/clk_out1 | uut_NMS/gen_pe_unit_LOOP[40].uut_pe_unit/uut_box_iou/E[0]                                                         | uut_sys_rst/rst                                                                                  |               26 |             94 |
|  uut_clk_gen/inst/clk_out1 | uut_NMS/gen_pe_unit_LOOP[16].uut_pe_unit/uut_box_iou/E[0]                                                         | uut_sys_rst/rst                                                                                  |               23 |             94 |
|  uut_clk_gen/inst/clk_out1 | uut_NMS/gen_pe_unit_LOOP[18].uut_pe_unit/uut_box_iou/E[0]                                                         | uut_sys_rst/rst                                                                                  |               26 |             94 |
|  uut_clk_gen/inst/clk_out1 | uut_NMS/gen_pe_unit_LOOP[19].uut_pe_unit/uut_box_iou/E[0]                                                         | uut_sys_rst/rst                                                                                  |               25 |             94 |
|  uut_clk_gen/inst/clk_out1 | uut_NMS/gen_pe_unit_LOOP[1].uut_pe_unit/uut_box_iou/E[0]                                                          | uut_sys_rst/rst                                                                                  |               23 |             94 |
|  uut_clk_gen/inst/clk_out1 | uut_NMS/gen_pe_unit_LOOP[20].uut_pe_unit/uut_box_iou/E[0]                                                         | uut_sys_rst/rst                                                                                  |               25 |             94 |
|  uut_clk_gen/inst/clk_out1 | uut_NMS/gen_pe_unit_LOOP[9].uut_pe_unit/uut_box_iou/E[0]                                                          | uut_sys_rst/rst                                                                                  |               24 |             94 |
|  uut_clk_gen/inst/clk_out1 | uut_NMS/gen_pe_unit_LOOP[8].uut_pe_unit/uut_box_iou/E[0]                                                          | uut_sys_rst/rst                                                                                  |               25 |             94 |
|  uut_clk_gen/inst/clk_out1 | uut_NMS/gen_pe_unit_LOOP[7].uut_pe_unit/uut_box_iou/E[0]                                                          | uut_sys_rst/rst                                                                                  |               23 |             94 |
|  uut_clk_gen/inst/clk_out1 | uut_NMS/gen_pe_unit_LOOP[6].uut_pe_unit/uut_box_iou/E[0]                                                          | uut_sys_rst/rst                                                                                  |               26 |             94 |
|  uut_clk_gen/inst/clk_out1 | uut_NMS/gen_pe_unit_LOOP[5].uut_pe_unit/uut_box_iou/E[0]                                                          | uut_sys_rst/rst                                                                                  |               30 |             94 |
|  uut_clk_gen/inst/clk_out1 | uut_NMS/gen_pe_unit_LOOP[4].uut_pe_unit/uut_box_iou/E[0]                                                          | uut_sys_rst/rst                                                                                  |               23 |             94 |
|  uut_clk_gen/inst/clk_out1 | uut_NMS/gen_pe_unit_LOOP[47].uut_pe_unit/uut_box_iou/E[0]                                                         | uut_sys_rst/rst                                                                                  |               28 |             94 |
|  uut_clk_gen/inst/clk_out1 | uut_NMS/gen_pe_unit_LOOP[46].uut_pe_unit/uut_box_iou/E[0]                                                         | uut_sys_rst/rst                                                                                  |               24 |             94 |
|  uut_clk_gen/inst/clk_out1 | uut_NMS/gen_pe_unit_LOOP[45].uut_pe_unit/uut_box_iou/E[0]                                                         | uut_sys_rst/rst                                                                                  |               25 |             94 |
|  uut_clk_gen/inst/clk_out1 | uut_NMS/gen_pe_unit_LOOP[44].uut_pe_unit/uut_box_iou/E[0]                                                         | uut_sys_rst/rst                                                                                  |               25 |             94 |
|  uut_clk_gen/inst/clk_out1 | uut_NMS/gen_pe_unit_LOOP[43].uut_pe_unit/uut_box_iou/E[0]                                                         | uut_sys_rst/rst                                                                                  |               23 |             94 |
|  uut_clk_gen/inst/clk_out1 | uut_NMS/gen_pe_unit_LOOP[42].uut_pe_unit/uut_box_iou/E[0]                                                         | uut_sys_rst/rst                                                                                  |               23 |             94 |
|  uut_clk_gen/inst/clk_out1 | uut_NMS/gen_pe_unit_LOOP[41].uut_pe_unit/uut_box_iou/E[0]                                                         | uut_sys_rst/rst                                                                                  |               24 |             94 |
|  uut_clk_gen/inst/clk_out1 | uut_NMS/gen_pe_unit_LOOP[3].uut_pe_unit/uut_box_iou/E[0]                                                          | uut_sys_rst/rst                                                                                  |               25 |             94 |
|  uut_clk_gen/inst/clk_out1 | uut_NMS/gen_pe_unit_LOOP[0].uut_pe_unit/uut_box_iou/FSM_onehot_current_state_reg[5]                               | uut_sys_rst/rst                                                                                  |               42 |            126 |
|  uut_clk_gen/inst/clk_out1 | uut_position_resolution/uut_write_cache_pool/b3_cls1[15]_i_1_n_0                                                  | uut_sys_rst/rst                                                                                  |               48 |            160 |
|  uut_clk_gen/inst/clk_out1 | uut_sys_rst/x32_r                                                                                                 | uut_sys_rst/rst                                                                                  |              161 |            420 |
|  uut_clk_gen/inst/clk_out1 | uut_requant/p_0_in                                                                                                | uut_sys_rst/rst                                                                                  |              172 |            512 |
|  uut_clk_gen/inst/clk_out1 |                                                                                                                   |                                                                                                  |             1016 |           2135 |
|  uut_clk_gen/inst/clk_out1 |                                                                                                                   | uut_sys_rst/rst                                                                                  |             2089 |           8518 |
+----------------------------+-------------------------------------------------------------------------------------------------------------------+--------------------------------------------------------------------------------------------------+------------------+----------------+


